[INFO] Scanning for projects...
[INFO] 
[INFO] ---------------------< com.florastore:web-ban-hoa >---------------------
[INFO] Building  0.0.1-SNAPSHOT
[INFO]   from pom.xml
[INFO] --------------------------------[ jar ]---------------------------------
[INFO] 
[INFO] >>> spring-boot:4.0.3:run (default-cli) > test-compile @ web-ban-hoa >>>
[INFO] 
[INFO] --- resources:3.3.1:resources (default-resources) @ web-ban-hoa ---
[INFO] Copying 1 resource from src\main\resources to target\classes
[INFO] Copying 17 resources from src\main\resources to target\classes
[INFO] 
[INFO] --- compiler:3.14.1:compile (default-compile) @ web-ban-hoa ---
[INFO] Nothing to compile - all classes are up to date.
[INFO] 
[INFO] --- resources:3.3.1:testResources (default-testResources) @ web-ban-hoa ---
[INFO] Copying 1 resource from src\test\resources to target\test-classes
[INFO] 
[INFO] --- compiler:3.14.1:testCompile (default-testCompile) @ web-ban-hoa ---
[INFO] Nothing to compile - all classes are up to date.
[INFO] 
[INFO] <<< spring-boot:4.0.3:run (default-cli) < test-compile @ web-ban-hoa <<<
[INFO] 
[INFO] 
[INFO] --- spring-boot:4.0.3:run (default-cli) @ web-ban-hoa ---
[INFO] Attaching agents: []

  .   ____          _            __ _ _
 /\\ / ___'_ __ _ _(_)_ __  __ _ \ \ \ \
( ( )\___ | '_ | '_| | '_ \/ _` | \ \ \ \
 \\/  ___)| |_)| | | | | || (_| |  ) ) ) )
  '  |____| .__|_| |_|_| |_\__, | / / / /
 =========|_|==============|___/=/_/_/_/

 :: Spring Boot ::                (v4.0.3)

2026-04-04T19:44:30.453+07:00  INFO 47804 --- [web-ban-hoa] [  restartedMain] c.f.web_ban_hoa.WebBanHoaApplication     : Starting WebBanHoaApplication using Java 21.0.10 with PID 47804 (D:\src\DA_KTDH\_repo_read_dafix\_repo_read_dafix\_repo_read\WebBanHoaBE\target\classes started by ADMIN in D:\src\DA_KTDH\_repo_read_dafix\_repo_read_dafix\_repo_read\WebBanHoaBE)
2026-04-04T19:44:30.456+07:00  INFO 47804 --- [web-ban-hoa] [  restartedMain] c.f.web_ban_hoa.WebBanHoaApplication     : No active profile set, falling back to 1 default profile: "default"
2026-04-04T19:44:30.508+07:00  INFO 47804 --- [web-ban-hoa] [  restartedMain] .e.DevToolsPropertyDefaultsPostProcessor : Devtools property defaults active! Set 'spring.devtools.add-properties' to 'false' to disable
2026-04-04T19:44:30.508+07:00  INFO 47804 --- [web-ban-hoa] [  restartedMain] .e.DevToolsPropertyDefaultsPostProcessor : For additional web related logging consider setting the 'logging.level.web' property to 'DEBUG'
2026-04-04T19:44:31.208+07:00  INFO 47804 --- [web-ban-hoa] [  restartedMain] .s.d.r.c.RepositoryConfigurationDelegate : Bootstrapping Spring Data JPA repositories in DEFAULT mode.
2026-04-04T19:44:31.305+07:00  INFO 47804 --- [web-ban-hoa] [  restartedMain] .s.d.r.c.RepositoryConfigurationDelegate : Finished Spring Data repository scanning in 88 ms. Found 15 JPA repository interfaces.
2026-04-04T19:44:31.790+07:00  INFO 47804 --- [web-ban-hoa] [  restartedMain] o.s.boot.tomcat.TomcatWebServer          : Tomcat initialized with port 8080 (http)
2026-04-04T19:44:31.806+07:00  INFO 47804 --- [web-ban-hoa] [  restartedMain] o.apache.catalina.core.StandardService   : Starting service [Tomcat]
2026-04-04T19:44:31.807+07:00  INFO 47804 --- [web-ban-hoa] [  restartedMain] o.apache.catalina.core.StandardEngine    : Starting Servlet engine: [Apache Tomcat/11.0.18]
2026-04-04T19:44:31.843+07:00  INFO 47804 --- [web-ban-hoa] [  restartedMain] b.w.c.s.WebApplicationContextInitializer : Root WebApplicationContext: initialization completed in 1333 ms
2026-04-04T19:44:32.132+07:00  INFO 47804 --- [web-ban-hoa] [  restartedMain] com.zaxxer.hikari.HikariDataSource       : HikariPool-1 - Starting...
2026-04-04T19:44:32.930+07:00  INFO 47804 --- [web-ban-hoa] [  restartedMain] com.zaxxer.hikari.pool.HikariPool        : HikariPool-1 - Added connection org.postgresql.jdbc.PgConnection@61611aa
2026-04-04T19:44:32.932+07:00  INFO 47804 --- [web-ban-hoa] [  restartedMain] com.zaxxer.hikari.HikariDataSource       : HikariPool-1 - Start completed.
2026-04-04T19:44:33.003+07:00  INFO 47804 --- [web-ban-hoa] [  restartedMain] org.flywaydb.core.FlywayExecutor         : Database: jdbc:postgresql://aws-1-ap-southeast-1.pooler.supabase.com:5432/postgres?sslmode=require (PostgreSQL 17.6)
